{
  if x then
    {
    }
  else
    if y then
      {
      }
}
