type o = Root object {
    x: int;
} object {
    y: int;
} object {
    z: int;
};
