BEGIN _BUILTIN
_BUILTIN.int=int
_BUILTIN.bool={false:bool=0, true:bool=1}
_BUILTIN.false:bool=0
_BUILTIN.true:bool=1
_BUILTIN.byte=[-128..127]
_BUILTIN.char={}
_BUILTIN.Null=ref null
_BUILTIN.null:Null=0
_BUILTIN.Refany=ref null
_BUILTIN.Address=ref null
_BUILTIN.Root=null object {}
_BUILTIN.Text=ref null
_BUILTIN.First:(...)
_BUILTIN.Last:(...)
_BUILTIN.Ord:(...)
_BUILTIN.Val:(...)
_BUILTIN.New:(...)
_BUILTIN.Number:(...)
_BUILTIN.Loophole:(...)
BEGIN MethodCalls
MethodCalls.A=Root object {
0: p:():int=null
}
MethodCalls.AB=A object {
4: p:():int=null
}
MethodCalls.Pa:(VALUE self:A):int
MethodCalls.Pab:(VALUE self:AB):int
MethodCalls.T1=AB object {
4: p:():int=MethodCalls.Pab:(VALUE self:AB):int
}
MethodCalls.T2=A object {
0: p:():int=MethodCalls.Pa:(VALUE self:A):int
}
MethodCalls.T3=AB object {
4: p:():int=MethodCalls.Pa:(VALUE self:A):int
}
BEGIN MethodCalls.17
MethodCalls.17.a:A
MethodCalls.17.ab:AB
MethodCalls.17.t1:T1
MethodCalls.17.t2:T2
MethodCalls.17.t3:T3
END MethodCalls.17
END MethodCalls
END _BUILTIN
