BEGIN _BUILTIN
_BUILTIN.int=int
_BUILTIN.bool={false:bool=0, true:bool=1}
_BUILTIN.false:bool=0
_BUILTIN.true:bool=1
_BUILTIN.byte=[-128..127]
_BUILTIN.char={}
_BUILTIN.Null=ref null
_BUILTIN.null:Null=0
_BUILTIN.Refany=ref null
_BUILTIN.Address=ref null
_BUILTIN.Root=null object {}
_BUILTIN.Text=ref null
_BUILTIN.First:(...)
_BUILTIN.Last:(...)
_BUILTIN.Ord:(...)
_BUILTIN.Val:(...)
_BUILTIN.New:(...)
_BUILTIN.Number:(...)
_BUILTIN.Loophole:(...)
BEGIN ProcConst
ProcConst.foo:()=ProcConst.Foo:()
ProcConst.Foo:()
BEGIN ProcConst.Foo
END ProcConst.Foo
BEGIN ProcConst.3
ProcConst.3.bar:()=ProcConst.3.Bar:()
ProcConst.3.Bar:()
BEGIN ProcConst.3.Bar
END ProcConst.3.Bar
END ProcConst.3
END ProcConst
END _BUILTIN
