BEGIN _BUILTIN
_BUILTIN.int=int
_BUILTIN.bool={false:bool=0, true:bool=1}
_BUILTIN.false:bool=0
_BUILTIN.true:bool=1
_BUILTIN.byte=[-128..127]
_BUILTIN.char={}
_BUILTIN.Null=ref null
_BUILTIN.null:Null=0
_BUILTIN.Refany=ref null
_BUILTIN.Address=ref null
_BUILTIN.Root=null object {}
_BUILTIN.Text=ref null
_BUILTIN.First:(...)
_BUILTIN.Last:(...)
_BUILTIN.Ord:(...)
_BUILTIN.Val:(...)
_BUILTIN.New:(...)
_BUILTIN.Number:(...)
_BUILTIN.Loophole:(...)
BEGIN RecordIntByte
RecordIntByte.Rec=record {
0: x:int
4: y:byte
5: z:byte
8: i:char
12: a:array 5 of byte
20: b:int
}
END RecordIntByte
END _BUILTIN
