	.text
BreakNested:
LABEL L.0,
LABEL L.1,
LABEL L.3,
LABEL L.4,
JUMP(
 NAME L.5),
JUMP(
 NAME L.3),
LABEL L.5,
JUMP(
 NAME L.2),
JUMP(
 NAME L.0),
LABEL L.2


