	.data
	.balign 8
GlobalArrayFixed.x:
	.zero 80
	.text
GlobalArrayFixed:

