	.text
LoopWhileCond:
LABEL L.0,
BEQ(
 CONST 1,
 CONST 0,
 L.2, L.1),
LABEL L.1,
JUMP(
 NAME L.0),
LABEL L.2


