	.data
	.balign 8
xc_ArrayEmpty.v:
	.zero 0
	.text
xc_ArrayEmpty:

